// Jest Snapshot v1, https://goo.gl/fbAQLP

exports[`下拉选择 默认值测试 默认值展示 select 1`] = `
<div class="xbf-mainbox">
  <div class="xbf-fr xbf-lh30 xbf-flex"><span type="text" class="xbf-fr xbf-linttext" style="display: none;"> 更多筛选 <i aria-label="icon: caret-down" class="anticon anticon-caret-down"><svg viewBox="0 0 1024 1024" data-icon="caret-down" width="1em" height="1em" fill="currentColor" aria-hidden="true" focusable="false" class=""><path d="M840.4 300H183.6c-19.7 0-30.7 20.8-18.5 35l328.4 380.8c9.4 10.9 27.5 10.9 37 0L858.9 335c12.2-14.2 1.2-35-18.5-35z"></path></svg></i></span></div>
  <div class="xbf-filtercomp-box">
    <div name="Dateee" class="xbf-filterdropitem">
      <div>
        <div class="xbf-hoverpoper-wraper xbf-filterdrop">
          <div>
            <div><span type="text" class="xbf-filtertitle"> 事件 <i aria-label="icon: caret-down" class="anticon anticon-caret-down"><svg viewBox="0 0 1024 1024" data-icon="caret-down" width="1em" height="1em" fill="currentColor" aria-hidden="true" focusable="false" class=""><path d="M840.4 300H183.6c-19.7 0-30.7 20.8-18.5 35l328.4 380.8c9.4 10.9 27.5 10.9 37 0L858.9 335c12.2-14.2 1.2-35-18.5-35z"></path></svg></i><i aria-label="icon: link" class="xbf-lintdash anticon anticon-link"><svg viewBox="64 64 896 896" data-icon="link" width="1em" height="1em" fill="currentColor" aria-hidden="true" focusable="false" class=""><path d="M574 665.4a8.03 8.03 0 0 0-11.3 0L446.5 781.6c-53.8 53.8-144.6 59.5-204 0-59.5-59.5-53.8-150.2 0-204l116.2-116.2c3.1-3.1 3.1-8.2 0-11.3l-39.8-39.8a8.03 8.03 0 0 0-11.3 0L191.4 526.5c-84.6 84.6-84.6 221.5 0 306s221.5 84.6 306 0l116.2-116.2c3.1-3.1 3.1-8.2 0-11.3L574 665.4zm258.6-474c-84.6-84.6-221.5-84.6-306 0L410.3 307.6a8.03 8.03 0 0 0 0 11.3l39.7 39.7c3.1 3.1 8.2 3.1 11.3 0l116.2-116.2c53.8-53.8 144.6-59.5 204 0 59.5 59.5 53.8 150.2 0 204L665.3 562.6a8.03 8.03 0 0 0 0 11.3l39.8 39.8c3.1 3.1 8.2 3.1 11.3 0l116.2-116.2c84.5-84.6 84.5-221.5 0-306.1zM610.1 372.3a8.03 8.03 0 0 0-11.3 0L372.3 598.7a8.03 8.03 0 0 0 0 11.3l39.6 39.6c3.1 3.1 8.2 3.1 11.3 0l226.4-226.4c3.1-3.1 3.1-8.2 0-11.3l-39.5-39.6z"></path></svg></i></span></div>
          </div>
          <!---->
        </div>
      </div>
    </div>
    <div name="Dateee2" class="xbf-filterdropitem">
      <div>
        <div class="xbf-hoverpoper-wraper xbf-filterdrop">
          <div>
            <div><span type="text" class="xbf-filtertitle disabled"> 儿子 <i aria-label="icon: caret-down" class="anticon anticon-caret-down"><svg viewBox="0 0 1024 1024" data-icon="caret-down" width="1em" height="1em" fill="currentColor" aria-hidden="true" focusable="false" class=""><path d="M840.4 300H183.6c-19.7 0-30.7 20.8-18.5 35l328.4 380.8c9.4 10.9 27.5 10.9 37 0L858.9 335c12.2-14.2 1.2-35-18.5-35z"></path></svg></i><i aria-label="icon: link" class="xbf-lintdash anticon anticon-link"><svg viewBox="64 64 896 896" data-icon="link" width="1em" height="1em" fill="currentColor" aria-hidden="true" focusable="false" class=""><path d="M574 665.4a8.03 8.03 0 0 0-11.3 0L446.5 781.6c-53.8 53.8-144.6 59.5-204 0-59.5-59.5-53.8-150.2 0-204l116.2-116.2c3.1-3.1 3.1-8.2 0-11.3l-39.8-39.8a8.03 8.03 0 0 0-11.3 0L191.4 526.5c-84.6 84.6-84.6 221.5 0 306s221.5 84.6 306 0l116.2-116.2c3.1-3.1 3.1-8.2 0-11.3L574 665.4zm258.6-474c-84.6-84.6-221.5-84.6-306 0L410.3 307.6a8.03 8.03 0 0 0 0 11.3l39.7 39.7c3.1 3.1 8.2 3.1 11.3 0l116.2-116.2c53.8-53.8 144.6-59.5 204 0 59.5 59.5 53.8 150.2 0 204L665.3 562.6a8.03 8.03 0 0 0 0 11.3l39.8 39.8c3.1 3.1 8.2 3.1 11.3 0l116.2-116.2c84.5-84.6 84.5-221.5 0-306.1zM610.1 372.3a8.03 8.03 0 0 0-11.3 0L372.3 598.7a8.03 8.03 0 0 0 0 11.3l39.6 39.6c3.1 3.1 8.2 3.1 11.3 0l226.4-226.4c3.1-3.1 3.1-8.2 0-11.3l-39.5-39.6z"></path></svg></i></span></div>
          </div>
          <!---->
        </div>
      </div>
    </div>
    <div name="Dateee3" class="xbf-filterdropitem">
      <div>
        <div class="xbf-hoverpoper-wraper xbf-filterdrop">
          <div>
            <div><span type="text" class="xbf-filtertitle disabled"> 孙子 <i aria-label="icon: caret-down" class="anticon anticon-caret-down"><svg viewBox="0 0 1024 1024" data-icon="caret-down" width="1em" height="1em" fill="currentColor" aria-hidden="true" focusable="false" class=""><path d="M840.4 300H183.6c-19.7 0-30.7 20.8-18.5 35l328.4 380.8c9.4 10.9 27.5 10.9 37 0L858.9 335c12.2-14.2 1.2-35-18.5-35z"></path></svg></i><span class="xbf-splitdash">|</span></span></div>
          </div>
          <!---->
        </div>
      </div>
    </div>
    <div name="Dateee22" class="xbf-filterdropitem">
      <div>
        <div class="xbf-hoverpoper-wraper xbf-filterdrop">
          <div>
            <div><span type="text" class="xbf-filtertitle disabled"> 二儿子 <i aria-label="icon: caret-down" class="anticon anticon-caret-down"><svg viewBox="0 0 1024 1024" data-icon="caret-down" width="1em" height="1em" fill="currentColor" aria-hidden="true" focusable="false" class=""><path d="M840.4 300H183.6c-19.7 0-30.7 20.8-18.5 35l328.4 380.8c9.4 10.9 27.5 10.9 37 0L858.9 335c12.2-14.2 1.2-35-18.5-35z"></path></svg></i><span class="xbf-splitdash">|</span></span></div>
          </div>
          <!---->
        </div>
      </div>
    </div>
  </div>
  <div class="xbf-clear" style="display: none;">
    <div class="xbf-fr xbf-linttext"><span type="text">清空筛选</span></div>
    <div class="xbf-selectedbox">
      <!---->
      <!---->
      <!---->
      <!---->
    </div>
  </div>
</div>
`;

exports[`选择事件select 测试 初始化渲染 1`] = `
<div class="xbf-mainbox">
  <div class="xbf-fr xbf-lh30 xbf-flex"><span type="text" class="xbf-fr xbf-linttext" style="display: none;"> 更多筛选 <i aria-label="icon: caret-down" class="anticon anticon-caret-down"><svg viewBox="0 0 1024 1024" data-icon="caret-down" width="1em" height="1em" fill="currentColor" aria-hidden="true" focusable="false" class=""><path d="M840.4 300H183.6c-19.7 0-30.7 20.8-18.5 35l328.4 380.8c9.4 10.9 27.5 10.9 37 0L858.9 335c12.2-14.2 1.2-35-18.5-35z"></path></svg></i></span></div>
  <div class="xbf-filtercomp-box">
    <div name="Dateee" class="xbf-filterdropitem">
      <div>
        <div class="xbf-hoverpoper-wraper xbf-filterdrop">
          <div>
            <div><span type="text" class="xbf-filtertitle"> 事件 <i aria-label="icon: caret-down" class="anticon anticon-caret-down"><svg viewBox="0 0 1024 1024" data-icon="caret-down" width="1em" height="1em" fill="currentColor" aria-hidden="true" focusable="false" class=""><path d="M840.4 300H183.6c-19.7 0-30.7 20.8-18.5 35l328.4 380.8c9.4 10.9 27.5 10.9 37 0L858.9 335c12.2-14.2 1.2-35-18.5-35z"></path></svg></i><i aria-label="icon: link" class="xbf-lintdash anticon anticon-link"><svg viewBox="64 64 896 896" data-icon="link" width="1em" height="1em" fill="currentColor" aria-hidden="true" focusable="false" class=""><path d="M574 665.4a8.03 8.03 0 0 0-11.3 0L446.5 781.6c-53.8 53.8-144.6 59.5-204 0-59.5-59.5-53.8-150.2 0-204l116.2-116.2c3.1-3.1 3.1-8.2 0-11.3l-39.8-39.8a8.03 8.03 0 0 0-11.3 0L191.4 526.5c-84.6 84.6-84.6 221.5 0 306s221.5 84.6 306 0l116.2-116.2c3.1-3.1 3.1-8.2 0-11.3L574 665.4zm258.6-474c-84.6-84.6-221.5-84.6-306 0L410.3 307.6a8.03 8.03 0 0 0 0 11.3l39.7 39.7c3.1 3.1 8.2 3.1 11.3 0l116.2-116.2c53.8-53.8 144.6-59.5 204 0 59.5 59.5 53.8 150.2 0 204L665.3 562.6a8.03 8.03 0 0 0 0 11.3l39.8 39.8c3.1 3.1 8.2 3.1 11.3 0l116.2-116.2c84.5-84.6 84.5-221.5 0-306.1zM610.1 372.3a8.03 8.03 0 0 0-11.3 0L372.3 598.7a8.03 8.03 0 0 0 0 11.3l39.6 39.6c3.1 3.1 8.2 3.1 11.3 0l226.4-226.4c3.1-3.1 3.1-8.2 0-11.3l-39.5-39.6z"></path></svg></i></span></div>
          </div>
          <!---->
        </div>
      </div>
    </div>
    <div name="Dateee2" class="xbf-filterdropitem">
      <div>
        <div class="xbf-hoverpoper-wraper xbf-filterdrop">
          <div>
            <div><span type="text" class="xbf-filtertitle disabled"> 儿子 <i aria-label="icon: caret-down" class="anticon anticon-caret-down"><svg viewBox="0 0 1024 1024" data-icon="caret-down" width="1em" height="1em" fill="currentColor" aria-hidden="true" focusable="false" class=""><path d="M840.4 300H183.6c-19.7 0-30.7 20.8-18.5 35l328.4 380.8c9.4 10.9 27.5 10.9 37 0L858.9 335c12.2-14.2 1.2-35-18.5-35z"></path></svg></i><i aria-label="icon: link" class="xbf-lintdash anticon anticon-link"><svg viewBox="64 64 896 896" data-icon="link" width="1em" height="1em" fill="currentColor" aria-hidden="true" focusable="false" class=""><path d="M574 665.4a8.03 8.03 0 0 0-11.3 0L446.5 781.6c-53.8 53.8-144.6 59.5-204 0-59.5-59.5-53.8-150.2 0-204l116.2-116.2c3.1-3.1 3.1-8.2 0-11.3l-39.8-39.8a8.03 8.03 0 0 0-11.3 0L191.4 526.5c-84.6 84.6-84.6 221.5 0 306s221.5 84.6 306 0l116.2-116.2c3.1-3.1 3.1-8.2 0-11.3L574 665.4zm258.6-474c-84.6-84.6-221.5-84.6-306 0L410.3 307.6a8.03 8.03 0 0 0 0 11.3l39.7 39.7c3.1 3.1 8.2 3.1 11.3 0l116.2-116.2c53.8-53.8 144.6-59.5 204 0 59.5 59.5 53.8 150.2 0 204L665.3 562.6a8.03 8.03 0 0 0 0 11.3l39.8 39.8c3.1 3.1 8.2 3.1 11.3 0l116.2-116.2c84.5-84.6 84.5-221.5 0-306.1zM610.1 372.3a8.03 8.03 0 0 0-11.3 0L372.3 598.7a8.03 8.03 0 0 0 0 11.3l39.6 39.6c3.1 3.1 8.2 3.1 11.3 0l226.4-226.4c3.1-3.1 3.1-8.2 0-11.3l-39.5-39.6z"></path></svg></i></span></div>
          </div>
          <!---->
        </div>
      </div>
    </div>
    <div name="Dateee3" class="xbf-filterdropitem">
      <div>
        <div class="xbf-hoverpoper-wraper xbf-filterdrop">
          <div>
            <div><span type="text" class="xbf-filtertitle disabled"> 孙子 <i aria-label="icon: caret-down" class="anticon anticon-caret-down"><svg viewBox="0 0 1024 1024" data-icon="caret-down" width="1em" height="1em" fill="currentColor" aria-hidden="true" focusable="false" class=""><path d="M840.4 300H183.6c-19.7 0-30.7 20.8-18.5 35l328.4 380.8c9.4 10.9 27.5 10.9 37 0L858.9 335c12.2-14.2 1.2-35-18.5-35z"></path></svg></i><span class="xbf-splitdash">|</span></span></div>
          </div>
          <!---->
        </div>
      </div>
    </div>
    <div name="Dateee22" class="xbf-filterdropitem">
      <div>
        <div class="xbf-hoverpoper-wraper xbf-filterdrop">
          <div>
            <div><span type="text" class="xbf-filtertitle disabled"> 二儿子 <i aria-label="icon: caret-down" class="anticon anticon-caret-down"><svg viewBox="0 0 1024 1024" data-icon="caret-down" width="1em" height="1em" fill="currentColor" aria-hidden="true" focusable="false" class=""><path d="M840.4 300H183.6c-19.7 0-30.7 20.8-18.5 35l328.4 380.8c9.4 10.9 27.5 10.9 37 0L858.9 335c12.2-14.2 1.2-35-18.5-35z"></path></svg></i><span class="xbf-splitdash">|</span></span></div>
          </div>
          <!---->
        </div>
      </div>
    </div>
  </div>
  <div class="xbf-clear" style="display: none;">
    <div class="xbf-fr xbf-linttext"><span type="text">清空筛选</span></div>
    <div class="xbf-selectedbox">
      <!---->
      <!---->
      <!---->
      <!---->
    </div>
  </div>
</div>
`;

exports[`选择事件测试 初始化渲染 1`] = `
<div class="xbf-mainbox">
  <div class="xbf-fr xbf-lh30 xbf-flex"><span type="text" class="xbf-fr xbf-linttext" style="display: none;"> 更多筛选 <i aria-label="icon: caret-down" class="anticon anticon-caret-down"><svg viewBox="0 0 1024 1024" data-icon="caret-down" width="1em" height="1em" fill="currentColor" aria-hidden="true" focusable="false" class=""><path d="M840.4 300H183.6c-19.7 0-30.7 20.8-18.5 35l328.4 380.8c9.4 10.9 27.5 10.9 37 0L858.9 335c12.2-14.2 1.2-35-18.5-35z"></path></svg></i></span></div>
  <div class="xbf-filtercomp-box">
    <div name="Dateee" class="xbf-filterdropitem">
      <div>
        <div class="xbf-hoverpoper-wraper xbf-filterdrop">
          <div>
            <div><span type="text" class="xbf-filtertitle"> 事件 <i aria-label="icon: caret-down" class="anticon anticon-caret-down"><svg viewBox="0 0 1024 1024" data-icon="caret-down" width="1em" height="1em" fill="currentColor" aria-hidden="true" focusable="false" class=""><path d="M840.4 300H183.6c-19.7 0-30.7 20.8-18.5 35l328.4 380.8c9.4 10.9 27.5 10.9 37 0L858.9 335c12.2-14.2 1.2-35-18.5-35z"></path></svg></i><i aria-label="icon: link" class="xbf-lintdash anticon anticon-link"><svg viewBox="64 64 896 896" data-icon="link" width="1em" height="1em" fill="currentColor" aria-hidden="true" focusable="false" class=""><path d="M574 665.4a8.03 8.03 0 0 0-11.3 0L446.5 781.6c-53.8 53.8-144.6 59.5-204 0-59.5-59.5-53.8-150.2 0-204l116.2-116.2c3.1-3.1 3.1-8.2 0-11.3l-39.8-39.8a8.03 8.03 0 0 0-11.3 0L191.4 526.5c-84.6 84.6-84.6 221.5 0 306s221.5 84.6 306 0l116.2-116.2c3.1-3.1 3.1-8.2 0-11.3L574 665.4zm258.6-474c-84.6-84.6-221.5-84.6-306 0L410.3 307.6a8.03 8.03 0 0 0 0 11.3l39.7 39.7c3.1 3.1 8.2 3.1 11.3 0l116.2-116.2c53.8-53.8 144.6-59.5 204 0 59.5 59.5 53.8 150.2 0 204L665.3 562.6a8.03 8.03 0 0 0 0 11.3l39.8 39.8c3.1 3.1 8.2 3.1 11.3 0l116.2-116.2c84.5-84.6 84.5-221.5 0-306.1zM610.1 372.3a8.03 8.03 0 0 0-11.3 0L372.3 598.7a8.03 8.03 0 0 0 0 11.3l39.6 39.6c3.1 3.1 8.2 3.1 11.3 0l226.4-226.4c3.1-3.1 3.1-8.2 0-11.3l-39.5-39.6z"></path></svg></i></span></div>
          </div>
          <!---->
        </div>
      </div>
    </div>
    <div name="Dateee2" class="xbf-filterdropitem">
      <div>
        <div class="xbf-hoverpoper-wraper xbf-filterdrop">
          <div>
            <div><span type="text" class="xbf-filtertitle disabled"> 儿子 <i aria-label="icon: caret-down" class="anticon anticon-caret-down"><svg viewBox="0 0 1024 1024" data-icon="caret-down" width="1em" height="1em" fill="currentColor" aria-hidden="true" focusable="false" class=""><path d="M840.4 300H183.6c-19.7 0-30.7 20.8-18.5 35l328.4 380.8c9.4 10.9 27.5 10.9 37 0L858.9 335c12.2-14.2 1.2-35-18.5-35z"></path></svg></i><i aria-label="icon: link" class="xbf-lintdash anticon anticon-link"><svg viewBox="64 64 896 896" data-icon="link" width="1em" height="1em" fill="currentColor" aria-hidden="true" focusable="false" class=""><path d="M574 665.4a8.03 8.03 0 0 0-11.3 0L446.5 781.6c-53.8 53.8-144.6 59.5-204 0-59.5-59.5-53.8-150.2 0-204l116.2-116.2c3.1-3.1 3.1-8.2 0-11.3l-39.8-39.8a8.03 8.03 0 0 0-11.3 0L191.4 526.5c-84.6 84.6-84.6 221.5 0 306s221.5 84.6 306 0l116.2-116.2c3.1-3.1 3.1-8.2 0-11.3L574 665.4zm258.6-474c-84.6-84.6-221.5-84.6-306 0L410.3 307.6a8.03 8.03 0 0 0 0 11.3l39.7 39.7c3.1 3.1 8.2 3.1 11.3 0l116.2-116.2c53.8-53.8 144.6-59.5 204 0 59.5 59.5 53.8 150.2 0 204L665.3 562.6a8.03 8.03 0 0 0 0 11.3l39.8 39.8c3.1 3.1 8.2 3.1 11.3 0l116.2-116.2c84.5-84.6 84.5-221.5 0-306.1zM610.1 372.3a8.03 8.03 0 0 0-11.3 0L372.3 598.7a8.03 8.03 0 0 0 0 11.3l39.6 39.6c3.1 3.1 8.2 3.1 11.3 0l226.4-226.4c3.1-3.1 3.1-8.2 0-11.3l-39.5-39.6z"></path></svg></i></span></div>
          </div>
          <!---->
        </div>
      </div>
    </div>
    <div name="Dateee3" class="xbf-filterdropitem">
      <div>
        <div class="xbf-hoverpoper-wraper xbf-filterdrop">
          <div>
            <div><span type="text" class="xbf-filtertitle disabled"> 孙子 <i aria-label="icon: caret-down" class="anticon anticon-caret-down"><svg viewBox="0 0 1024 1024" data-icon="caret-down" width="1em" height="1em" fill="currentColor" aria-hidden="true" focusable="false" class=""><path d="M840.4 300H183.6c-19.7 0-30.7 20.8-18.5 35l328.4 380.8c9.4 10.9 27.5 10.9 37 0L858.9 335c12.2-14.2 1.2-35-18.5-35z"></path></svg></i><span class="xbf-splitdash">|</span></span></div>
          </div>
          <!---->
        </div>
      </div>
    </div>
    <div name="Dateee22" class="xbf-filterdropitem">
      <div>
        <div class="xbf-hoverpoper-wraper xbf-filterdrop">
          <div>
            <div><span type="text" class="xbf-filtertitle disabled"> 二儿子 <i aria-label="icon: caret-down" class="anticon anticon-caret-down"><svg viewBox="0 0 1024 1024" data-icon="caret-down" width="1em" height="1em" fill="currentColor" aria-hidden="true" focusable="false" class=""><path d="M840.4 300H183.6c-19.7 0-30.7 20.8-18.5 35l328.4 380.8c9.4 10.9 27.5 10.9 37 0L858.9 335c12.2-14.2 1.2-35-18.5-35z"></path></svg></i><span class="xbf-splitdash">|</span></span></div>
          </div>
          <!---->
        </div>
      </div>
    </div>
  </div>
  <div class="xbf-clear" style="display: none;">
    <div class="xbf-fr xbf-linttext"><span type="text">清空筛选</span></div>
    <div class="xbf-selectedbox">
      <!---->
      <!---->
      <!---->
      <!---->
    </div>
  </div>
</div>
`;
