// Jest Snapshot v1, https://goo.gl/fbAQLP

exports[`日期范围与日期时间范围测试 初始化渲染 1`] = `
<div class="xbf-mainbox">
  <div class="xbf-fr xbf-lh30 xbf-flex"><span type="text" class="xbf-fr xbf-linttext" style="display: none;"> 更多筛选 <i aria-label="icon: caret-down" class="anticon anticon-caret-down"><svg viewBox="0 0 1024 1024" data-icon="caret-down" width="1em" height="1em" fill="currentColor" aria-hidden="true" focusable="false" class=""><path d="M840.4 300H183.6c-19.7 0-30.7 20.8-18.5 35l328.4 380.8c9.4 10.9 27.5 10.9 37 0L858.9 335c12.2-14.2 1.2-35-18.5-35z"></path></svg></i></span></div>
  <div class="xbf-filtercomp-box">
    <div name="date1" class="xbf-filterdropitem"><span tabindex="0" class="ant-calendar-picker"><a class=""><span class="xbf-filtertitle"> 时间 <i aria-label="icon: caret-down" class="anticon anticon-caret-down"><svg viewBox="0 0 1024 1024" data-icon="caret-down" width="1em" height="1em" fill="currentColor" aria-hidden="true" focusable="false" class=""><path d="M840.4 300H183.6c-19.7 0-30.7 20.8-18.5 35l328.4 380.8c9.4 10.9 27.5 10.9 37 0L858.9 335c12.2-14.2 1.2-35-18.5-35z"></path></svg></i><span class="xbf-splitdash">|</span></span></a></span></div>
    <div name="datetime1" class="xbf-filterdropitem"><span tabindex="0" class="ant-calendar-picker" style="width: 350px;"><a class=""><span class="xbf-filtertitle"> 时间 <i aria-label="icon: caret-down" class="anticon anticon-caret-down"><svg viewBox="0 0 1024 1024" data-icon="caret-down" width="1em" height="1em" fill="currentColor" aria-hidden="true" focusable="false" class=""><path d="M840.4 300H183.6c-19.7 0-30.7 20.8-18.5 35l328.4 380.8c9.4 10.9 27.5 10.9 37 0L858.9 335c12.2-14.2 1.2-35-18.5-35z"></path></svg></i><span class="xbf-splitdash">|</span></span></a></span></div>
  </div>
  <div class="xbf-clear" style="display: none;">
    <div class="xbf-fr xbf-linttext"><span type="text">清空筛选</span></div>
    <div class="xbf-selectedbox">
      <!---->
      <!---->
    </div>
  </div>
</div>
`;
